stm32f1xx_hal_can.c:173:19:HAL_CAN_Init	32	static
stm32f1xx_hal_can.c:366:19:HAL_CAN_ConfigFilter	24	static
stm32f1xx_hal_can.c:469:19:HAL_CAN_DeInit	16	static
stm32f1xx_hal_can.c:502:13:HAL_CAN_MspInit	16	static
stm32f1xx_hal_can.c:517:13:HAL_CAN_MspDeInit	16	static
stm32f1xx_hal_can.c:554:19:HAL_CAN_Transmit	24	static
stm32f1xx_hal_can.c:698:19:HAL_CAN_Transmit_IT	24	static
stm32f1xx_hal_can.c:819:19:HAL_CAN_Receive	32	static
stm32f1xx_hal_can.c:1006:19:HAL_CAN_Receive_IT	16	static
stm32f1xx_hal_can.c:1111:19:HAL_CAN_Sleep	24	static
stm32f1xx_hal_can.c:1172:19:HAL_CAN_WakeUp	24	static
stm32f1xx_hal_can.c:1224:6:HAL_CAN_IRQHandler	32	static
stm32f1xx_hal_can.c:1419:13:HAL_CAN_TxCpltCallback	16	static
stm32f1xx_hal_can.c:1434:13:HAL_CAN_RxCpltCallback	16	static
stm32f1xx_hal_can.c:1449:13:HAL_CAN_ErrorCallback	16	static
stm32f1xx_hal_can.c:1484:22:HAL_CAN_GetState	16	static
stm32f1xx_hal_can.c:1496:10:HAL_CAN_GetError	16	static
stm32f1xx_hal_can.c:1518:26:CAN_Transmit_IT	16	static
stm32f1xx_hal_can.c:1569:26:CAN_Receive_IT	24	static
