stm32f1xx_it.c:60:6:NMI_Handler	4	static
stm32f1xx_it.c:73:6:HardFault_Handler	4	static
stm32f1xx_it.c:91:6:MemManage_Handler	4	static
stm32f1xx_it.c:109:6:BusFault_Handler	4	static
stm32f1xx_it.c:127:6:UsageFault_Handler	4	static
stm32f1xx_it.c:145:6:SVC_Handler	4	static
stm32f1xx_it.c:158:6:DebugMon_Handler	4	static
stm32f1xx_it.c:171:6:PendSV_Handler	4	static
stm32f1xx_it.c:184:6:SysTick_Handler	8	static
stm32f1xx_it.c:210:6:CAN1_RX1_IRQHandler	8	static
stm32f1xx_it.c:228:6:TIM3_IRQHandler	8	static
